---
source: tests/json_snapshots.rs
expression: run.out
---
{"path":"usage.ts","replacements":1,"lines":[6],"match":"exact","region":{"start":5,"end":7,"lines":[{"number":5,"marker":"none","text":"  const now = clock.now()"},{"number":6,"marker":"replaced","text":"  const cap = 20"},{"number":7,"marker":"none","text":"  if (now > cap) return"}]},"check":{"layer":"structure","status":"ok","errors_before":0,"errors_after":0},"sha":{"before":"c5525cc20b61","after":"419c5d6249b3"},"omitted":[],"stats":{"lines":3,"bytes":119,"tokens_est":null}}
